# serializer version: 1
# name: test_list_support_format
  tuple(
    '6.0',
    list([
      FFMpegSupport(demuxing_support=True, muxing_support=False, codec='3dostr', description='3DO STR'),
      FFMpegSupport(demuxing_support=False, muxing_support=True, codec='3g2', description='3GP2 (3GPP2 file format)'),
      FFMpegSupport(demuxing_support=False, muxing_support=True, codec='3gp', description='3GP (3GPP file format)'),
      FFMpegSupport(demuxing_support=True, muxing_support=False, codec='4xm', description='4X Technologies'),
      FFMpegSupport(demuxing_support=False, muxing_support=True, codec='a64', description='a64 - video for Commodore 64'),
      FFMpegSupport(demuxing_support=True, muxing_support=False, codec='aa', description='Audible AA format files'),
      FFMpegSupport(demuxing_support=True, muxing_support=False, codec='aac', description='raw ADTS AAC (Advanced Audio Coding)'),
      FFMpegSupport(demuxing_support=True, muxing_support=False, codec='aax', description='CRI AAX'),
      FFMpegSupport(demuxing_support=True, muxing_support=True, codec='ac3', description='raw AC-3'),
      FFMpegSupport(demuxing_support=True, muxing_support=False, codec='ace', description='tri-Ace Audio Container'),
      FFMpegSupport(demuxing_support=True, muxing_support=False, codec='acm', description='Interplay ACM'),
      FFMpegSupport(demuxing_support=True, muxing_support=False, codec='act', description='ACT Voice file format'),
      FFMpegSupport(demuxing_support=True, muxing_support=False, codec='adf', description='Artworx Data Format'),
      FFMpegSupport(demuxing_support=True, muxing_support=False, codec='adp', description='ADP'),
      FFMpegSupport(demuxing_support=True, muxing_support=False, codec='ads', description='Sony PS2 ADS'),
      FFMpegSupport(demuxing_support=False, muxing_support=True, codec='adts', description='ADTS AAC (Advanced Audio Coding)'),
      FFMpegSupport(demuxing_support=True, muxing_support=True, codec='adx', description='CRI ADX'),
      FFMpegSupport(demuxing_support=True, muxing_support=False, codec='aea', description='MD STUDIO audio'),
      FFMpegSupport(demuxing_support=True, muxing_support=False, codec='afc', description='AFC'),
      FFMpegSupport(demuxing_support=True, muxing_support=True, codec='aiff', description='Audio IFF'),
      FFMpegSupport(demuxing_support=True, muxing_support=False, codec='aix', description='CRI AIX'),
      FFMpegSupport(demuxing_support=True, muxing_support=True, codec='alaw', description='PCM A-law'),
      FFMpegSupport(demuxing_support=True, muxing_support=False, codec='alias_pix', description='Alias/Wavefront PIX image'),
      FFMpegSupport(demuxing_support=True, muxing_support=True, codec='alp', description='LEGO Racers ALP'),
      FFMpegSupport(demuxing_support=True, muxing_support=True, codec='amr', description='3GPP AMR'),
      FFMpegSupport(demuxing_support=True, muxing_support=False, codec='amrnb', description='raw AMR-NB'),
      FFMpegSupport(demuxing_support=True, muxing_support=False, codec='amrwb', description='raw AMR-WB'),
      FFMpegSupport(demuxing_support=False, muxing_support=True, codec='amv', description='AMV'),
      FFMpegSupport(demuxing_support=True, muxing_support=False, codec='anm', description='Deluxe Paint Animation'),
      FFMpegSupport(demuxing_support=True, muxing_support=False, codec='apac', description='raw APAC'),
      FFMpegSupport(demuxing_support=True, muxing_support=False, codec='apc', description='CRYO APC'),
      FFMpegSupport(demuxing_support=True, muxing_support=False, codec='ape', description="Monkey's Audio"),
      FFMpegSupport(demuxing_support=True, muxing_support=True, codec='apm', description='Ubisoft Rayman 2 APM'),
      FFMpegSupport(demuxing_support=True, muxing_support=True, codec='apng', description='Animated Portable Network Graphics'),
      FFMpegSupport(demuxing_support=True, muxing_support=True, codec='aptx', description='raw aptX (Audio Processing Technology for Bluetooth)'),
      FFMpegSupport(demuxing_support=True, muxing_support=True, codec='aptx_hd', description='raw aptX HD (Audio Processing Technology for Bluetooth)'),
      FFMpegSupport(demuxing_support=True, muxing_support=False, codec='aqtitle', description='AQTitle subtitles'),
      FFMpegSupport(demuxing_support=True, muxing_support=True, codec='argo_asf', description='Argonaut Games ASF'),
      FFMpegSupport(demuxing_support=True, muxing_support=False, codec='argo_brp', description='Argonaut Games BRP'),
      FFMpegSupport(demuxing_support=True, muxing_support=True, codec='argo_cvg', description='Argonaut Games CVG'),
      FFMpegSupport(demuxing_support=True, muxing_support=True, codec='asf', description='ASF (Advanced / Active Streaming Format)'),
      FFMpegSupport(demuxing_support=True, muxing_support=False, codec='asf_o', description='ASF (Advanced / Active Streaming Format)'),
      FFMpegSupport(demuxing_support=False, muxing_support=True, codec='asf_stream', description='ASF (Advanced / Active Streaming Format)'),
      FFMpegSupport(demuxing_support=True, muxing_support=True, codec='ass', description='SSA (SubStation Alpha) subtitle'),
      FFMpegSupport(demuxing_support=True, muxing_support=True, codec='ast', description='AST (Audio Stream)'),
      FFMpegSupport(demuxing_support=True, muxing_support=True, codec='au', description='Sun AU'),
      FFMpegSupport(demuxing_support=False, muxing_support=True, codec='audiotoolbox', description='AudioToolbox output device'),
      FFMpegSupport(demuxing_support=True, muxing_support=False, codec='av1', description='AV1 Annex B'),
      FFMpegSupport(demuxing_support=True, muxing_support=False, codec='avfoundation', description='AVFoundation input device'),
      FFMpegSupport(demuxing_support=True, muxing_support=True, codec='avi', description='AVI (Audio Video Interleaved)'),
      FFMpegSupport(demuxing_support=False, muxing_support=True, codec='avif', description='AVIF'),
      FFMpegSupport(demuxing_support=False, muxing_support=True, codec='avm2', description='SWF (ShockWave Flash) (AVM2)'),
      FFMpegSupport(demuxing_support=True, muxing_support=False, codec='avr', description='AVR (Audio Visual Research)'),
      FFMpegSupport(demuxing_support=True, muxing_support=False, codec='avs', description='Argonaut Games Creature Shock'),
      FFMpegSupport(demuxing_support=True, muxing_support=True, codec='avs2', description='raw AVS2-P2/IEEE1857.4 video'),
      FFMpegSupport(demuxing_support=True, muxing_support=True, codec='avs3', description='AVS3-P2/IEEE1857.10'),
      FFMpegSupport(demuxing_support=True, muxing_support=False, codec='bethsoftvid', description='Bethesda Softworks VID'),
      FFMpegSupport(demuxing_support=True, muxing_support=False, codec='bfi', description='Brute Force & Ignorance'),
      FFMpegSupport(demuxing_support=True, muxing_support=False, codec='bfstm', description='BFSTM (Binary Cafe Stream)'),
      FFMpegSupport(demuxing_support=True, muxing_support=False, codec='bin', description='Binary text'),
      FFMpegSupport(demuxing_support=True, muxing_support=False, codec='bink', description='Bink'),
      FFMpegSupport(demuxing_support=True, muxing_support=False, codec='binka', description='Bink Audio'),
      FFMpegSupport(demuxing_support=True, muxing_support=True, codec='bit', description='G.729 BIT file format'),
      FFMpegSupport(demuxing_support=True, muxing_support=False, codec='bitpacked', description='Bitpacked'),
      FFMpegSupport(demuxing_support=True, muxing_support=False, codec='bmp_pipe', description='piped bmp sequence'),
      FFMpegSupport(demuxing_support=True, muxing_support=False, codec='bmv', description='Discworld II BMV'),
      FFMpegSupport(demuxing_support=True, muxing_support=False, codec='boa', description='Black Ops Audio'),
      FFMpegSupport(demuxing_support=True, muxing_support=False, codec='bonk', description='raw Bonk'),
      FFMpegSupport(demuxing_support=True, muxing_support=False, codec='brender_pix', description='BRender PIX image'),
      FFMpegSupport(demuxing_support=True, muxing_support=False, codec='brstm', description='BRSTM (Binary Revolution Stream)'),
      FFMpegSupport(demuxing_support=True, muxing_support=False, codec='c93', description='Interplay C93'),
      FFMpegSupport(demuxing_support=True, muxing_support=True, codec='caf', description='Apple CAF (Core Audio Format)'),
      FFMpegSupport(demuxing_support=True, muxing_support=True, codec='cavsvideo', description='raw Chinese AVS (Audio Video Standard) video'),
      FFMpegSupport(demuxing_support=True, muxing_support=False, codec='cdg', description='CD Graphics'),
      FFMpegSupport(demuxing_support=True, muxing_support=False, codec='cdxl', description='Commodore CDXL video'),
      FFMpegSupport(demuxing_support=True, muxing_support=False, codec='cine', description='Phantom Cine'),
      FFMpegSupport(demuxing_support=True, muxing_support=True, codec='codec2', description='codec2 .c2 muxer'),
      FFMpegSupport(demuxing_support=True, muxing_support=True, codec='codec2raw', description='raw codec2 muxer'),
      FFMpegSupport(demuxing_support=True, muxing_support=False, codec='concat', description='Virtual concatenation script'),
      FFMpegSupport(demuxing_support=False, muxing_support=True, codec='crc', description='CRC testing'),
      FFMpegSupport(demuxing_support=True, muxing_support=False, codec='cri_pipe', description='piped cri sequence'),
      FFMpegSupport(demuxing_support=True, muxing_support=True, codec='dash', description='DASH Muxer'),
      FFMpegSupport(demuxing_support=True, muxing_support=True, codec='data', description='raw data'),
      FFMpegSupport(demuxing_support=True, muxing_support=True, codec='daud', description='D-Cinema audio'),
      FFMpegSupport(demuxing_support=True, muxing_support=False, codec='dcstr', description='Sega DC STR'),
      FFMpegSupport(demuxing_support=True, muxing_support=False, codec='dds_pipe', description='piped dds sequence'),
      FFMpegSupport(demuxing_support=True, muxing_support=False, codec='derf', description='Xilam DERF'),
      FFMpegSupport(demuxing_support=True, muxing_support=False, codec='dfa', description='Chronomaster DFA'),
      FFMpegSupport(demuxing_support=True, muxing_support=True, codec='dfpwm', description='raw DFPWM1a'),
      FFMpegSupport(demuxing_support=True, muxing_support=False, codec='dhav', description='Video DAV'),
      FFMpegSupport(demuxing_support=True, muxing_support=True, codec='dirac', description='raw Dirac'),
      FFMpegSupport(demuxing_support=True, muxing_support=True, codec='dnxhd', description='raw DNxHD (SMPTE VC-3)'),
      FFMpegSupport(demuxing_support=True, muxing_support=False, codec='dpx_pipe', description='piped dpx sequence'),
      FFMpegSupport(demuxing_support=True, muxing_support=False, codec='dsf', description='DSD Stream File (DSF)'),
      FFMpegSupport(demuxing_support=True, muxing_support=False, codec='dsicin', description='Delphine Software International CIN'),
      FFMpegSupport(demuxing_support=True, muxing_support=False, codec='dss', description='Digital Speech Standard (DSS)'),
      FFMpegSupport(demuxing_support=True, muxing_support=True, codec='dts', description='raw DTS'),
      FFMpegSupport(demuxing_support=True, muxing_support=False, codec='dtshd', description='raw DTS-HD'),
      FFMpegSupport(demuxing_support=True, muxing_support=True, codec='dv', description='DV (Digital Video)'),
      FFMpegSupport(demuxing_support=True, muxing_support=False, codec='dvbsub', description='raw dvbsub'),
      FFMpegSupport(demuxing_support=True, muxing_support=False, codec='dvbtxt', description='dvbtxt'),
      FFMpegSupport(demuxing_support=False, muxing_support=True, codec='dvd', description='MPEG-2 PS (DVD VOB)'),
      FFMpegSupport(demuxing_support=True, muxing_support=False, codec='dxa', description='DXA'),
      FFMpegSupport(demuxing_support=True, muxing_support=False, codec='ea', description='Electronic Arts Multimedia'),
      FFMpegSupport(demuxing_support=True, muxing_support=False, codec='ea_cdata', description='Electronic Arts cdata'),
      FFMpegSupport(demuxing_support=True, muxing_support=True, codec='eac3', description='raw E-AC-3'),
      FFMpegSupport(demuxing_support=True, muxing_support=False, codec='epaf', description='Ensoniq Paris Audio File'),
      FFMpegSupport(demuxing_support=True, muxing_support=False, codec='exr_pipe', description='piped exr sequence'),
      FFMpegSupport(demuxing_support=True, muxing_support=True, codec='f32be', description='PCM 32-bit floating-point big-endian'),
      FFMpegSupport(demuxing_support=True, muxing_support=True, codec='f32le', description='PCM 32-bit floating-point little-endian'),
      FFMpegSupport(demuxing_support=False, muxing_support=True, codec='f4v', description='F4V Adobe Flash Video'),
      FFMpegSupport(demuxing_support=True, muxing_support=True, codec='f64be', description='PCM 64-bit floating-point big-endian'),
      FFMpegSupport(demuxing_support=True, muxing_support=True, codec='f64le', description='PCM 64-bit floating-point little-endian'),
      FFMpegSupport(demuxing_support=True, muxing_support=True, codec='ffmetadata', description='FFmpeg metadata in text'),
      FFMpegSupport(demuxing_support=False, muxing_support=True, codec='fifo', description='FIFO queue pseudo-muxer'),
      FFMpegSupport(demuxing_support=False, muxing_support=True, codec='fifo_test', description='Fifo test muxer'),
      FFMpegSupport(demuxing_support=True, muxing_support=True, codec='film_cpk', description='Sega FILM / CPK'),
      FFMpegSupport(demuxing_support=True, muxing_support=True, codec='filmstrip', description='Adobe Filmstrip'),
      FFMpegSupport(demuxing_support=True, muxing_support=True, codec='fits', description='Flexible Image Transport System'),
      FFMpegSupport(demuxing_support=True, muxing_support=True, codec='flac', description='raw FLAC'),
      FFMpegSupport(demuxing_support=True, muxing_support=False, codec='flic', description='FLI/FLC/FLX animation'),
      FFMpegSupport(demuxing_support=True, muxing_support=True, codec='flv', description='FLV (Flash Video)'),
      FFMpegSupport(demuxing_support=False, muxing_support=True, codec='framecrc', description='framecrc testing'),
      FFMpegSupport(demuxing_support=False, muxing_support=True, codec='framehash', description='Per-frame hash testing'),
      FFMpegSupport(demuxing_support=False, muxing_support=True, codec='framemd5', description='Per-frame MD5 testing'),
      FFMpegSupport(demuxing_support=True, muxing_support=False, codec='frm', description='Megalux Frame'),
      FFMpegSupport(demuxing_support=True, muxing_support=False, codec='fsb', description='FMOD Sample Bank'),
      FFMpegSupport(demuxing_support=True, muxing_support=False, codec='fwse', description="Capcom's MT Framework sound"),
      FFMpegSupport(demuxing_support=True, muxing_support=True, codec='g722', description='raw G.722'),
      FFMpegSupport(demuxing_support=True, muxing_support=True, codec='g723_1', description='raw G.723.1'),
      FFMpegSupport(demuxing_support=True, muxing_support=True, codec='g726', description='raw big-endian G.726 ("left-justified")'),
      FFMpegSupport(demuxing_support=True, muxing_support=True, codec='g726le', description='raw little-endian G.726 ("right-justified")'),
      FFMpegSupport(demuxing_support=True, muxing_support=False, codec='g729', description='G.729 raw format demuxer'),
      FFMpegSupport(demuxing_support=True, muxing_support=False, codec='gdv', description='Gremlin Digital Video'),
      FFMpegSupport(demuxing_support=True, muxing_support=False, codec='gem_pipe', description='piped gem sequence'),
      FFMpegSupport(demuxing_support=True, muxing_support=False, codec='genh', description='GENeric Header'),
      FFMpegSupport(demuxing_support=True, muxing_support=True, codec='gif', description='CompuServe Graphics Interchange Format (GIF)'),
      FFMpegSupport(demuxing_support=True, muxing_support=False, codec='gif_pipe', description='piped gif sequence'),
      FFMpegSupport(demuxing_support=True, muxing_support=True, codec='gsm', description='raw GSM'),
      FFMpegSupport(demuxing_support=True, muxing_support=True, codec='gxf', description='GXF (General eXchange Format)'),
      FFMpegSupport(demuxing_support=True, muxing_support=True, codec='h261', description='raw H.261'),
      FFMpegSupport(demuxing_support=True, muxing_support=True, codec='h263', description='raw H.263'),
      FFMpegSupport(demuxing_support=True, muxing_support=True, codec='h264', description='raw H.264 video'),
      FFMpegSupport(demuxing_support=False, muxing_support=True, codec='hash', description='Hash testing'),
      FFMpegSupport(demuxing_support=True, muxing_support=False, codec='hca', description='CRI HCA'),
      FFMpegSupport(demuxing_support=True, muxing_support=False, codec='hcom', description='Macintosh HCOM'),
      FFMpegSupport(demuxing_support=True, muxing_support=False, codec='hdr_pipe', description='piped hdr sequence'),
      FFMpegSupport(demuxing_support=False, muxing_support=True, codec='hds', description='HDS Muxer'),
      FFMpegSupport(demuxing_support=True, muxing_support=True, codec='hevc', description='raw HEVC video'),
      FFMpegSupport(demuxing_support=True, muxing_support=True, codec='hls', description='Apple HTTP Live Streaming'),
      FFMpegSupport(demuxing_support=True, muxing_support=False, codec='hnm', description='Cryo HNM v4'),
      FFMpegSupport(demuxing_support=True, muxing_support=True, codec='ico', description='Microsoft Windows ICO'),
      FFMpegSupport(demuxing_support=True, muxing_support=False, codec='idcin', description='id Cinematic'),
      FFMpegSupport(demuxing_support=True, muxing_support=False, codec='idf', description='iCE Draw File'),
      FFMpegSupport(demuxing_support=True, muxing_support=False, codec='iff', description='IFF (Interchange File Format)'),
      FFMpegSupport(demuxing_support=True, muxing_support=False, codec='ifv', description='IFV CCTV DVR'),
      FFMpegSupport(demuxing_support=True, muxing_support=True, codec='ilbc', description='iLBC storage'),
      FFMpegSupport(demuxing_support=True, muxing_support=True, codec='image2', description='image2 sequence'),
      FFMpegSupport(demuxing_support=True, muxing_support=True, codec='image2pipe', description='piped image2 sequence'),
      FFMpegSupport(demuxing_support=True, muxing_support=False, codec='imf', description='IMF (Interoperable Master Format)'),
      FFMpegSupport(demuxing_support=True, muxing_support=False, codec='ingenient', description='raw Ingenient MJPEG'),
      FFMpegSupport(demuxing_support=True, muxing_support=False, codec='ipmovie', description='Interplay MVE'),
      FFMpegSupport(demuxing_support=False, muxing_support=True, codec='ipod', description='iPod H.264 MP4 (MPEG-4 Part 14)'),
      FFMpegSupport(demuxing_support=True, muxing_support=False, codec='ipu', description='raw IPU Video'),
      FFMpegSupport(demuxing_support=True, muxing_support=True, codec='ircam', description='Berkeley/IRCAM/CARL Sound Format'),
      FFMpegSupport(demuxing_support=False, muxing_support=True, codec='ismv', description='ISMV/ISMA (Smooth Streaming)'),
      FFMpegSupport(demuxing_support=True, muxing_support=False, codec='iss', description='Funcom ISS'),
      FFMpegSupport(demuxing_support=True, muxing_support=False, codec='iv8', description='IndigoVision 8000 video'),
      FFMpegSupport(demuxing_support=True, muxing_support=True, codec='ivf', description='On2 IVF'),
      FFMpegSupport(demuxing_support=True, muxing_support=False, codec='ivr', description='IVR (Internet Video Recording)'),
      FFMpegSupport(demuxing_support=True, muxing_support=False, codec='j2k_pipe', description='piped j2k sequence'),
      FFMpegSupport(demuxing_support=True, muxing_support=True, codec='jacosub', description='JACOsub subtitle format'),
      FFMpegSupport(demuxing_support=True, muxing_support=False, codec='jpeg_pipe', description='piped jpeg sequence'),
      FFMpegSupport(demuxing_support=True, muxing_support=False, codec='jpegls_pipe', description='piped jpegls sequence'),
      FFMpegSupport(demuxing_support=True, muxing_support=False, codec='jpegxl_pipe', description='piped jpegxl sequence'),
      FFMpegSupport(demuxing_support=True, muxing_support=False, codec='jv', description='Bitmap Brothers JV'),
      FFMpegSupport(demuxing_support=True, muxing_support=False, codec='kux', description='KUX (YouKu)'),
      FFMpegSupport(demuxing_support=True, muxing_support=True, codec='kvag', description='Simon & Schuster Interactive VAG'),
      FFMpegSupport(demuxing_support=True, muxing_support=False, codec='laf', description='LAF (Limitless Audio Format)'),
      FFMpegSupport(demuxing_support=False, muxing_support=True, codec='latm', description='LOAS/LATM'),
      FFMpegSupport(demuxing_support=True, muxing_support=False, codec='lavfi', description='Libavfilter virtual input device'),
      FFMpegSupport(demuxing_support=True, muxing_support=False, codec='live_flv', description='live RTMP FLV (Flash Video)'),
      FFMpegSupport(demuxing_support=True, muxing_support=False, codec='lmlm4', description='raw lmlm4'),
      FFMpegSupport(demuxing_support=True, muxing_support=False, codec='loas', description='LOAS AudioSyncStream'),
      FFMpegSupport(demuxing_support=True, muxing_support=True, codec='lrc', description='LRC lyrics'),
      FFMpegSupport(demuxing_support=True, muxing_support=False, codec='luodat', description='Video CCTV DAT'),
      FFMpegSupport(demuxing_support=True, muxing_support=False, codec='lvf', description='LVF'),
      FFMpegSupport(demuxing_support=True, muxing_support=False, codec='lxf', description='VR native stream (LXF)'),
      FFMpegSupport(demuxing_support=True, muxing_support=True, codec='m4v', description='raw MPEG-4 video'),
      FFMpegSupport(demuxing_support=False, muxing_support=True, codec='matroska', description='Matroska'),
      FFMpegSupport(demuxing_support=True, muxing_support=False, codec='matroska,webm', description='Matroska / WebM'),
      FFMpegSupport(demuxing_support=True, muxing_support=False, codec='mca', description='MCA Audio Format'),
      FFMpegSupport(demuxing_support=True, muxing_support=False, codec='mcc', description='MacCaption'),
      FFMpegSupport(demuxing_support=False, muxing_support=True, codec='md5', description='MD5 testing'),
      FFMpegSupport(demuxing_support=True, muxing_support=False, codec='mgsts', description='Metal Gear Solid: The Twin Snakes'),
      FFMpegSupport(demuxing_support=True, muxing_support=True, codec='microdvd', description='MicroDVD subtitle format'),
      FFMpegSupport(demuxing_support=True, muxing_support=True, codec='mjpeg', description='raw MJPEG video'),
      FFMpegSupport(demuxing_support=True, muxing_support=False, codec='mjpeg_2000', description='raw MJPEG 2000 video'),
      FFMpegSupport(demuxing_support=False, muxing_support=True, codec='mkvtimestamp_v2', description='extract pts as timecode v2 format, as defined by mkvtoolnix'),
      FFMpegSupport(demuxing_support=True, muxing_support=True, codec='mlp', description='raw MLP'),
      FFMpegSupport(demuxing_support=True, muxing_support=False, codec='mlv', description='Magic Lantern Video (MLV)'),
      FFMpegSupport(demuxing_support=True, muxing_support=False, codec='mm', description='American Laser Games MM'),
      FFMpegSupport(demuxing_support=True, muxing_support=True, codec='mmf', description='Yamaha SMAF'),
      FFMpegSupport(demuxing_support=True, muxing_support=False, codec='mods', description='MobiClip MODS'),
      FFMpegSupport(demuxing_support=True, muxing_support=False, codec='moflex', description='MobiClip MOFLEX'),
      FFMpegSupport(demuxing_support=False, muxing_support=True, codec='mov', description='QuickTime / MOV'),
      FFMpegSupport(demuxing_support=True, muxing_support=False, codec='mov,mp4,m4a,3gp,3g2,mj2', description='QuickTime / MOV'),
      FFMpegSupport(demuxing_support=False, muxing_support=True, codec='mp2', description='MP2 (MPEG audio layer 2)'),
      FFMpegSupport(demuxing_support=True, muxing_support=True, codec='mp3', description='MP3 (MPEG audio layer 3)'),
      FFMpegSupport(demuxing_support=False, muxing_support=True, codec='mp4', description='MP4 (MPEG-4 Part 14)'),
      FFMpegSupport(demuxing_support=True, muxing_support=False, codec='mpc', description='Musepack'),
      FFMpegSupport(demuxing_support=True, muxing_support=False, codec='mpc8', description='Musepack SV8'),
      FFMpegSupport(demuxing_support=True, muxing_support=True, codec='mpeg', description='MPEG-1 Systems / MPEG program stream'),
      FFMpegSupport(demuxing_support=False, muxing_support=True, codec='mpeg1video', description='raw MPEG-1 video'),
      FFMpegSupport(demuxing_support=False, muxing_support=True, codec='mpeg2video', description='raw MPEG-2 video'),
      FFMpegSupport(demuxing_support=True, muxing_support=True, codec='mpegts', description='MPEG-TS (MPEG-2 Transport Stream)'),
      FFMpegSupport(demuxing_support=True, muxing_support=False, codec='mpegtsraw', description='raw MPEG-TS (MPEG-2 Transport Stream)'),
      FFMpegSupport(demuxing_support=True, muxing_support=False, codec='mpegvideo', description='raw MPEG video'),
      FFMpegSupport(demuxing_support=True, muxing_support=True, codec='mpjpeg', description='MIME multipart JPEG'),
      FFMpegSupport(demuxing_support=True, muxing_support=False, codec='mpl2', description='MPL2 subtitles'),
      FFMpegSupport(demuxing_support=True, muxing_support=False, codec='mpsub', description='MPlayer subtitles'),
      FFMpegSupport(demuxing_support=True, muxing_support=False, codec='msf', description='Sony PS3 MSF'),
      FFMpegSupport(demuxing_support=True, muxing_support=False, codec='msnwctcp', description='MSN TCP Webcam stream'),
      FFMpegSupport(demuxing_support=True, muxing_support=False, codec='msp', description='Microsoft Paint (MSP))'),
      FFMpegSupport(demuxing_support=True, muxing_support=False, codec='mtaf', description='Konami PS2 MTAF'),
      FFMpegSupport(demuxing_support=True, muxing_support=False, codec='mtv', description='MTV'),
      FFMpegSupport(demuxing_support=True, muxing_support=True, codec='mulaw', description='PCM mu-law'),
      FFMpegSupport(demuxing_support=True, muxing_support=False, codec='musx', description='Eurocom MUSX'),
      FFMpegSupport(demuxing_support=True, muxing_support=False, codec='mv', description='Silicon Graphics Movie'),
      FFMpegSupport(demuxing_support=True, muxing_support=False, codec='mvi', description='Motion Pixels MVI'),
      FFMpegSupport(demuxing_support=True, muxing_support=True, codec='mxf', description='MXF (Material eXchange Format)'),
      FFMpegSupport(demuxing_support=False, muxing_support=True, codec='mxf_d10', description='MXF (Material eXchange Format) D-10 Mapping'),
      FFMpegSupport(demuxing_support=False, muxing_support=True, codec='mxf_opatom', description='MXF (Material eXchange Format) Operational Pattern Atom'),
      FFMpegSupport(demuxing_support=True, muxing_support=False, codec='mxg', description='MxPEG clip'),
      FFMpegSupport(demuxing_support=True, muxing_support=False, codec='nc', description='NC camera feed'),
      FFMpegSupport(demuxing_support=True, muxing_support=False, codec='nistsphere', description='NIST SPeech HEader REsources'),
      FFMpegSupport(demuxing_support=True, muxing_support=False, codec='nsp', description='Computerized Speech Lab NSP'),
      FFMpegSupport(demuxing_support=True, muxing_support=False, codec='nsv', description='Nullsoft Streaming Video'),
      FFMpegSupport(demuxing_support=False, muxing_support=True, codec='null', description='raw null video'),
      FFMpegSupport(demuxing_support=True, muxing_support=True, codec='nut', description='NUT'),
      FFMpegSupport(demuxing_support=True, muxing_support=False, codec='nuv', description='NuppelVideo'),
      FFMpegSupport(demuxing_support=True, muxing_support=True, codec='obu', description='AV1 low overhead OBU'),
      FFMpegSupport(demuxing_support=False, muxing_support=True, codec='oga', description='Ogg Audio'),
      FFMpegSupport(demuxing_support=True, muxing_support=True, codec='ogg', description='Ogg'),
      FFMpegSupport(demuxing_support=False, muxing_support=True, codec='ogv', description='Ogg Video'),
      FFMpegSupport(demuxing_support=True, muxing_support=True, codec='oma', description='Sony OpenMG audio'),
      FFMpegSupport(demuxing_support=False, muxing_support=True, codec='opus', description='Ogg Opus'),
      FFMpegSupport(demuxing_support=True, muxing_support=False, codec='paf', description='Amazing Studio Packed Animation File'),
      FFMpegSupport(demuxing_support=True, muxing_support=False, codec='pam_pipe', description='piped pam sequence'),
      FFMpegSupport(demuxing_support=True, muxing_support=False, codec='pbm_pipe', description='piped pbm sequence'),
      FFMpegSupport(demuxing_support=True, muxing_support=False, codec='pcx_pipe', description='piped pcx sequence'),
      FFMpegSupport(demuxing_support=True, muxing_support=False, codec='pfm_pipe', description='piped pfm sequence'),
      FFMpegSupport(demuxing_support=True, muxing_support=False, codec='pgm_pipe', description='piped pgm sequence'),
      FFMpegSupport(demuxing_support=True, muxing_support=False, codec='pgmyuv_pipe', description='piped pgmyuv sequence'),
      FFMpegSupport(demuxing_support=True, muxing_support=False, codec='pgx_pipe', description='piped pgx sequence'),
      FFMpegSupport(demuxing_support=True, muxing_support=False, codec='phm_pipe', description='piped phm sequence'),
      FFMpegSupport(demuxing_support=True, muxing_support=False, codec='photocd_pipe', description='piped photocd sequence'),
      FFMpegSupport(demuxing_support=True, muxing_support=False, codec='pictor_pipe', description='piped pictor sequence'),
      FFMpegSupport(demuxing_support=True, muxing_support=False, codec='pjs', description='PJS (Phoenix Japanimation Society) subtitles'),
      FFMpegSupport(demuxing_support=True, muxing_support=False, codec='pmp', description='Playstation Portable PMP'),
      FFMpegSupport(demuxing_support=True, muxing_support=False, codec='png_pipe', description='piped png sequence'),
      FFMpegSupport(demuxing_support=True, muxing_support=False, codec='pp_bnk', description='Pro Pinball Series Soundbank'),
      FFMpegSupport(demuxing_support=True, muxing_support=False, codec='ppm_pipe', description='piped ppm sequence'),
      FFMpegSupport(demuxing_support=True, muxing_support=False, codec='psd_pipe', description='piped psd sequence'),
      FFMpegSupport(demuxing_support=False, muxing_support=True, codec='psp', description='PSP MP4 (MPEG-4 Part 14)'),
      FFMpegSupport(demuxing_support=True, muxing_support=False, codec='psxstr', description='Sony Playstation STR'),
      FFMpegSupport(demuxing_support=True, muxing_support=False, codec='pva', description='TechnoTrend PVA'),
      FFMpegSupport(demuxing_support=True, muxing_support=False, codec='pvf', description='PVF (Portable Voice Format)'),
      FFMpegSupport(demuxing_support=True, muxing_support=False, codec='qcp', description='QCP'),
      FFMpegSupport(demuxing_support=True, muxing_support=False, codec='qdraw_pipe', description='piped qdraw sequence'),
      FFMpegSupport(demuxing_support=True, muxing_support=False, codec='qoi_pipe', description='piped qoi sequence'),
      FFMpegSupport(demuxing_support=True, muxing_support=False, codec='r3d', description='REDCODE R3D'),
      FFMpegSupport(demuxing_support=True, muxing_support=True, codec='rawvideo', description='raw video'),
      FFMpegSupport(demuxing_support=True, muxing_support=False, codec='realtext', description='RealText subtitle format'),
      FFMpegSupport(demuxing_support=True, muxing_support=False, codec='redspark', description='RedSpark'),
      FFMpegSupport(demuxing_support=True, muxing_support=False, codec='rka', description='RKA (RK Audio)'),
      FFMpegSupport(demuxing_support=True, muxing_support=False, codec='rl2', description='RL2'),
      FFMpegSupport(demuxing_support=True, muxing_support=True, codec='rm', description='RealMedia'),
      FFMpegSupport(demuxing_support=True, muxing_support=True, codec='roq', description='raw id RoQ'),
      FFMpegSupport(demuxing_support=True, muxing_support=False, codec='rpl', description='RPL / ARMovie'),
      FFMpegSupport(demuxing_support=True, muxing_support=False, codec='rsd', description='GameCube RSD'),
      FFMpegSupport(demuxing_support=True, muxing_support=True, codec='rso', description='Lego Mindstorms RSO'),
      FFMpegSupport(demuxing_support=True, muxing_support=True, codec='rtp', description='RTP output'),
      FFMpegSupport(demuxing_support=False, muxing_support=True, codec='rtp_mpegts', description='RTP/mpegts output format'),
      FFMpegSupport(demuxing_support=True, muxing_support=True, codec='rtsp', description='RTSP output'),
      FFMpegSupport(demuxing_support=True, muxing_support=True, codec='s16be', description='PCM signed 16-bit big-endian'),
      FFMpegSupport(demuxing_support=True, muxing_support=True, codec='s16le', description='PCM signed 16-bit little-endian'),
      FFMpegSupport(demuxing_support=True, muxing_support=True, codec='s24be', description='PCM signed 24-bit big-endian'),
      FFMpegSupport(demuxing_support=True, muxing_support=True, codec='s24le', description='PCM signed 24-bit little-endian'),
      FFMpegSupport(demuxing_support=True, muxing_support=True, codec='s32be', description='PCM signed 32-bit big-endian'),
      FFMpegSupport(demuxing_support=True, muxing_support=True, codec='s32le', description='PCM signed 32-bit little-endian'),
      FFMpegSupport(demuxing_support=True, muxing_support=False, codec='s337m', description='SMPTE 337M'),
      FFMpegSupport(demuxing_support=True, muxing_support=True, codec='s8', description='PCM signed 8-bit'),
      FFMpegSupport(demuxing_support=True, muxing_support=False, codec='sami', description='SAMI subtitle format'),
      FFMpegSupport(demuxing_support=True, muxing_support=True, codec='sap', description='SAP output'),
      FFMpegSupport(demuxing_support=True, muxing_support=True, codec='sbc', description='raw SBC'),
      FFMpegSupport(demuxing_support=True, muxing_support=False, codec='sbg', description='SBaGen binaural beats script'),
      FFMpegSupport(demuxing_support=True, muxing_support=True, codec='scc', description='Scenarist Closed Captions'),
      FFMpegSupport(demuxing_support=True, muxing_support=False, codec='scd', description='Square Enix SCD'),
      FFMpegSupport(demuxing_support=False, muxing_support=True, codec='sdl,sdl2', description='SDL2 output device'),
      FFMpegSupport(demuxing_support=True, muxing_support=False, codec='sdns', description='Xbox SDNS'),
      FFMpegSupport(demuxing_support=True, muxing_support=False, codec='sdp', description='SDP'),
      FFMpegSupport(demuxing_support=True, muxing_support=False, codec='sdr2', description='SDR2'),
      FFMpegSupport(demuxing_support=True, muxing_support=False, codec='sds', description='MIDI Sample Dump Standard'),
      FFMpegSupport(demuxing_support=True, muxing_support=False, codec='sdx', description='Sample Dump eXchange'),
      FFMpegSupport(demuxing_support=False, muxing_support=True, codec='segment', description='segment'),
      FFMpegSupport(demuxing_support=True, muxing_support=False, codec='ser', description='SER (Simple uncompressed video format for astronomical capturing)'),
      FFMpegSupport(demuxing_support=True, muxing_support=False, codec='sga', description='Digital Pictures SGA'),
      FFMpegSupport(demuxing_support=True, muxing_support=False, codec='sgi_pipe', description='piped sgi sequence'),
      FFMpegSupport(demuxing_support=True, muxing_support=False, codec='shn', description='raw Shorten'),
      FFMpegSupport(demuxing_support=True, muxing_support=False, codec='siff', description='Beam Software SIFF'),
      FFMpegSupport(demuxing_support=True, muxing_support=False, codec='simbiosis_imx', description='Simbiosis Interactive IMX'),
      FFMpegSupport(demuxing_support=True, muxing_support=False, codec='sln', description='Asterisk raw pcm'),
      FFMpegSupport(demuxing_support=True, muxing_support=True, codec='smjpeg', description='Loki SDL MJPEG'),
      FFMpegSupport(demuxing_support=True, muxing_support=False, codec='smk', description='Smacker'),
      FFMpegSupport(demuxing_support=False, muxing_support=True, codec='smoothstreaming', description='Smooth Streaming Muxer'),
      FFMpegSupport(demuxing_support=True, muxing_support=False, codec='smush', description='LucasArts Smush'),
      FFMpegSupport(demuxing_support=True, muxing_support=False, codec='sol', description='Sierra SOL'),
      FFMpegSupport(demuxing_support=True, muxing_support=True, codec='sox', description='SoX native'),
      FFMpegSupport(demuxing_support=True, muxing_support=True, codec='spdif', description='IEC 61937 (used on S/PDIF - IEC958)'),
      FFMpegSupport(demuxing_support=False, muxing_support=True, codec='spx', description='Ogg Speex'),
      FFMpegSupport(demuxing_support=True, muxing_support=True, codec='srt', description='SubRip subtitle'),
      FFMpegSupport(demuxing_support=True, muxing_support=False, codec='stl', description='Spruce subtitle format'),
      FFMpegSupport(demuxing_support=False, muxing_support=True, codec='stream_segment,ssegment', description='streaming segment muxer'),
      FFMpegSupport(demuxing_support=False, muxing_support=True, codec='streamhash', description='Per-stream hash testing'),
      FFMpegSupport(demuxing_support=True, muxing_support=False, codec='subviewer', description='SubViewer subtitle format'),
      FFMpegSupport(demuxing_support=True, muxing_support=False, codec='subviewer1', description='SubViewer v1 subtitle format'),
      FFMpegSupport(demuxing_support=True, muxing_support=False, codec='sunrast_pipe', description='piped sunrast sequence'),
      FFMpegSupport(demuxing_support=True, muxing_support=True, codec='sup', description='raw HDMV Presentation Graphic Stream subtitles'),
      FFMpegSupport(demuxing_support=True, muxing_support=False, codec='svag', description='Konami PS2 SVAG'),
      FFMpegSupport(demuxing_support=False, muxing_support=True, codec='svcd', description='MPEG-2 PS (SVCD)'),
      FFMpegSupport(demuxing_support=True, muxing_support=False, codec='svg_pipe', description='piped svg sequence'),
      FFMpegSupport(demuxing_support=True, muxing_support=False, codec='svs', description='Square SVS'),
      FFMpegSupport(demuxing_support=True, muxing_support=True, codec='swf', description='SWF (ShockWave Flash)'),
      FFMpegSupport(demuxing_support=True, muxing_support=False, codec='tak', description='raw TAK'),
      FFMpegSupport(demuxing_support=True, muxing_support=False, codec='tedcaptions', description='TED Talks captions'),
      FFMpegSupport(demuxing_support=False, muxing_support=True, codec='tee', description='Multiple muxer tee'),
      FFMpegSupport(demuxing_support=True, muxing_support=False, codec='thp', description='THP'),
      FFMpegSupport(demuxing_support=True, muxing_support=False, codec='tiertexseq', description='Tiertex Limited SEQ'),
      FFMpegSupport(demuxing_support=True, muxing_support=False, codec='tiff_pipe', description='piped tiff sequence'),
      FFMpegSupport(demuxing_support=True, muxing_support=False, codec='tmv', description='8088flex TMV'),
      FFMpegSupport(demuxing_support=True, muxing_support=True, codec='truehd', description='raw TrueHD'),
      FFMpegSupport(demuxing_support=True, muxing_support=True, codec='tta', description='TTA (True Audio)'),
      FFMpegSupport(demuxing_support=False, muxing_support=True, codec='ttml', description='TTML subtitle'),
      FFMpegSupport(demuxing_support=True, muxing_support=False, codec='tty', description='Tele-typewriter'),
      FFMpegSupport(demuxing_support=True, muxing_support=False, codec='txd', description='Renderware TeXture Dictionary'),
      FFMpegSupport(demuxing_support=True, muxing_support=False, codec='ty', description='TiVo TY Stream'),
      FFMpegSupport(demuxing_support=True, muxing_support=True, codec='u16be', description='PCM unsigned 16-bit big-endian'),
      FFMpegSupport(demuxing_support=True, muxing_support=True, codec='u16le', description='PCM unsigned 16-bit little-endian'),
      FFMpegSupport(demuxing_support=True, muxing_support=True, codec='u24be', description='PCM unsigned 24-bit big-endian'),
      FFMpegSupport(demuxing_support=True, muxing_support=True, codec='u24le', description='PCM unsigned 24-bit little-endian'),
      FFMpegSupport(demuxing_support=True, muxing_support=True, codec='u32be', description='PCM unsigned 32-bit big-endian'),
      FFMpegSupport(demuxing_support=True, muxing_support=True, codec='u32le', description='PCM unsigned 32-bit little-endian'),
      FFMpegSupport(demuxing_support=True, muxing_support=True, codec='u8', description='PCM unsigned 8-bit'),
      FFMpegSupport(demuxing_support=False, muxing_support=True, codec='uncodedframecrc', description='uncoded framecrc testing'),
      FFMpegSupport(demuxing_support=True, muxing_support=False, codec='v210', description='Uncompressed 4:2:2 10-bit'),
      FFMpegSupport(demuxing_support=True, muxing_support=False, codec='v210x', description='Uncompressed 4:2:2 10-bit'),
      FFMpegSupport(demuxing_support=True, muxing_support=False, codec='vag', description='Sony PS2 VAG'),
      FFMpegSupport(demuxing_support=True, muxing_support=False, codec='vbn_pipe', description='piped vbn sequence'),
      FFMpegSupport(demuxing_support=True, muxing_support=True, codec='vc1', description='raw VC-1 video'),
      FFMpegSupport(demuxing_support=True, muxing_support=True, codec='vc1test', description='VC-1 test bitstream'),
      FFMpegSupport(demuxing_support=False, muxing_support=True, codec='vcd', description='MPEG-1 Systems / MPEG program stream (VCD)'),
      FFMpegSupport(demuxing_support=True, muxing_support=True, codec='vidc', description='PCM Archimedes VIDC'),
      FFMpegSupport(demuxing_support=True, muxing_support=False, codec='vividas', description='Vividas VIV'),
      FFMpegSupport(demuxing_support=True, muxing_support=False, codec='vivo', description='Vivo'),
      FFMpegSupport(demuxing_support=True, muxing_support=False, codec='vmd', description='Sierra VMD'),
      FFMpegSupport(demuxing_support=False, muxing_support=True, codec='vob', description='MPEG-2 PS (VOB)'),
      FFMpegSupport(demuxing_support=True, muxing_support=False, codec='vobsub', description='VobSub subtitle format'),
      FFMpegSupport(demuxing_support=True, muxing_support=True, codec='voc', description='Creative Voice'),
      FFMpegSupport(demuxing_support=True, muxing_support=False, codec='vpk', description='Sony PS2 VPK'),
      FFMpegSupport(demuxing_support=True, muxing_support=False, codec='vplayer', description='VPlayer subtitles'),
      FFMpegSupport(demuxing_support=True, muxing_support=False, codec='vqf', description='Nippon Telegraph and Telephone Corporation (NTT) TwinVQ'),
      FFMpegSupport(demuxing_support=True, muxing_support=True, codec='w64', description='Sony Wave64'),
      FFMpegSupport(demuxing_support=True, muxing_support=False, codec='wady', description='Marble WADY'),
      FFMpegSupport(demuxing_support=True, muxing_support=True, codec='wav', description='WAV / WAVE (Waveform Audio)'),
      FFMpegSupport(demuxing_support=True, muxing_support=False, codec='wavarc', description='Waveform Archiver'),
      FFMpegSupport(demuxing_support=True, muxing_support=False, codec='wc3movie', description='Wing Commander III movie'),
      FFMpegSupport(demuxing_support=False, muxing_support=True, codec='webm', description='WebM'),
      FFMpegSupport(demuxing_support=False, muxing_support=True, codec='webm_chunk', description='WebM Chunk Muxer'),
      FFMpegSupport(demuxing_support=True, muxing_support=True, codec='webm_dash_manifest', description='WebM DASH Manifest'),
      FFMpegSupport(demuxing_support=False, muxing_support=True, codec='webp', description='WebP'),
      FFMpegSupport(demuxing_support=True, muxing_support=False, codec='webp_pipe', description='piped webp sequence'),
      FFMpegSupport(demuxing_support=True, muxing_support=True, codec='webvtt', description='WebVTT subtitle'),
      FFMpegSupport(demuxing_support=True, muxing_support=True, codec='wsaud', description='Westwood Studios audio'),
      FFMpegSupport(demuxing_support=True, muxing_support=False, codec='wsd', description='Wideband Single-bit Data (WSD)'),
      FFMpegSupport(demuxing_support=True, muxing_support=False, codec='wsvqa', description='Westwood Studios VQA'),
      FFMpegSupport(demuxing_support=True, muxing_support=True, codec='wtv', description='Windows Television (WTV)'),
      FFMpegSupport(demuxing_support=True, muxing_support=True, codec='wv', description='raw WavPack'),
      FFMpegSupport(demuxing_support=True, muxing_support=False, codec='wve', description='Psion 3 audio'),
      FFMpegSupport(demuxing_support=True, muxing_support=False, codec='x11grab', description='X11 screen capture, using XCB'),
      FFMpegSupport(demuxing_support=True, muxing_support=False, codec='xa', description='Maxis XA'),
      FFMpegSupport(demuxing_support=True, muxing_support=False, codec='xbin', description='eXtended BINary text (XBIN)'),
      FFMpegSupport(demuxing_support=True, muxing_support=False, codec='xbm_pipe', description='piped xbm sequence'),
      FFMpegSupport(demuxing_support=True, muxing_support=False, codec='xmd', description='Konami XMD'),
      FFMpegSupport(demuxing_support=True, muxing_support=False, codec='xmv', description='Microsoft XMV'),
      FFMpegSupport(demuxing_support=True, muxing_support=False, codec='xpm_pipe', description='piped xpm sequence'),
      FFMpegSupport(demuxing_support=True, muxing_support=False, codec='xvag', description='Sony PS3 XVAG'),
      FFMpegSupport(demuxing_support=True, muxing_support=False, codec='xwd_pipe', description='piped xwd sequence'),
      FFMpegSupport(demuxing_support=True, muxing_support=False, codec='xwma', description='Microsoft xWMA'),
      FFMpegSupport(demuxing_support=True, muxing_support=False, codec='yop', description='Psygnosis YOP'),
      FFMpegSupport(demuxing_support=True, muxing_support=True, codec='yuv4mpegpipe', description='YUV4MPEG pipe'),
    ]),
  )
# ---
